// Jest Snapshot v1, https://goo.gl/fbAQLP

exports[`TestCase prefer-easier-path should analyse the result 1`] = `
"      synthetic (Stack roots) @XXX
     internal XXX = object system / Context @XXX
    context GLOBAL = object { map, key, deep } @XXX
   .deep = object { nested } @XXX
+ .nested = object TestObject #1 @XXX
"
`;

exports[`TestCase weak-map should analyse the result 1`] = `
"     synthetic (Stack roots) @XXX
    internal XXX = object system / Context @XXX
   context GLOBAL = object { map, key, deep } @XXX
+ .key = object TestObject #1 @XXX


    object TestObject #1 @XXX
 + internal XXX / part of key (TestObject @XXX) -> value (TestObject @XXX) pair in WeakMap (table @XXX) = object TestObject #2 @XXX
 |        synthetic (Stack roots) @XXX
 |       internal XXX = object system / Context @XXX
 |      context GLOBAL = object { map, key, deep } @XXX
 |     .deep = object { nested } @XXX
 |    .nested = object { key, map } @XXX
 |   .map = object WeakMap @XXX
 |  internal table = array  @XXX
 + internal XXX / part of key (TestObject @XXX) -> value (TestObject @XXX) pair in WeakMap (table @XXX) = object TestObject #2 @XXX
  object TestObject #2 @XXX


       synthetic (Stack roots) @XXX
      internal XXX = object system / Context @XXX
     context GLOBAL = object { map, key, deep } @XXX
    .deep = object { nested } @XXX
   .nested = object { key, map } @XXX
+ .key = object TestObject #3 @XXX


        synthetic (Stack roots) @XXX
       internal XXX = object system / Context @XXX
      context GLOBAL = object { map, key, deep } @XXX
     .map = object WeakMap @XXX
    internal table = array  @XXX
 + internal XXX / part of key (TestObject @XXX) -> value (TestObject @XXX) pair in WeakMap (table @XXX) = object TestObject #4 @XXX
 |  object TestObject #3 @XXX
 + internal XXX / part of key (TestObject @XXX) -> value (TestObject @XXX) pair in WeakMap (table @XXX) = object TestObject #4 @XXX
  object TestObject #4 @XXX
"
`;
